// Jest Snapshot v1, https://goo.gl/fbAQLP

exports[`App renders correctly 1`] = `
<DocumentFragment>
  <div
    class="App"
  >
    <div
      class="footyevent"
    >
      <div
        class="container"
      >
        <h1>
          Football
        </h1>
        <div
          class="title-box"
        >
          <p
            class="startTime"
          >
            Event Date
          </p>
        </div>
        <div
          class="title-box"
        >
          <p
            class="teamsName"
          >
            Home-Team VS Away-Team
          </p>
        </div>
      </div>
    </div>
  </div>
</DocumentFragment>
`;
